// Jest Snapshot v1, https://goo.gl/fbAQLP

exports[`Run the test for the reserved list of dragons To Test Dragons component renders successfully! 1`] = `
<div
  className="rockets"
/>
`;
